$ ./configure-cmake

CMake Deprecation Warning at CMakeLists.txt:5 (cmake_minimum_required):
  Compatibility with CMake < 2.8.12 will be removed from a future version of
  CMake.

  Update the VERSION argument <min> value or use a ...<max> suffix to tell
  CMake that the project does not need compatibility with older versions.



-- Build type is 'Debug'

-- Compiler is not EMSCRIPTEN

-- Configuring done (0.1s)

CMake Warning (dev):
  Policy CMP0042 is not set: MACOSX_RPATH is enabled by default.  Run "cmake
  --help-policy CMP0042" for policy details.  Use the cmake_policy command to
  set the policy and suppress this warning.

  MACOSX_RPATH is not specified for the following targets:

   brotlicommon
   brotlidec
   brotlienc

This warning is for project developers.  Use -Wno-dev to suppress it.


-- Generating done (0.1s)

-- Build files have been written to: /Users/jinglongcai/code/MobiPkg/compile/logs/libs/brotli/source/brotli

$ cmake -DANDROID_NATIVE_API_LEVEL=21 -DANDROID_ABI=x86 -DCMAKE_TOOLCHAIN_FILE=/Users/jinglongcai/sdk/ndk/25.0.8775105/build/cmake/android.toolchain.cmake -DCMAKE_INSTALL_PREFIX=/Users/jinglongcai/code/MobiPkg/compile/logs/libs/brotli/install/android/x86 -DCMAKE_BUILD_TYPE=Release "-DCMAKE_C_FLAGS_RELEASE=-I/Users/jinglongcai/sdk/ndk/25.0.8775105/toolchains/llvm/prebuilt/darwin-x86_64/sysroot/usr/include -I/Users/jinglongcai/sdk/ndk/25.0.8775105/toolchains/llvm/prebuilt/darwin-x86_64/sysroot/usr/include/i686-linux-android -L/Users/jinglongcai/sdk/ndk/25.0.8775105/toolchains/llvm/prebuilt/darwin-x86_64/sysroot/usr/lib/i686-linux-android/21 -fPIC -O2 -Wall" "-DCMAKE_CXX_FLAGS_RELEASE=-I/Users/jinglongcai/sdk/ndk/25.0.8775105/toolchains/llvm/prebuilt/darwin-x86_64/sysroot/usr/include -I/Users/jinglongcai/sdk/ndk/25.0.8775105/toolchains/llvm/prebuilt/darwin-x86_64/sysroot/usr/include/i686-linux-android -L/Users/jinglongcai/sdk/ndk/25.0.8775105/toolchains/llvm/prebuilt/darwin-x86_64/sysroot/usr/lib/i686-linux-android/21 -fPIC -O2 -Wall" -DCMAKE_EXE_LINKER_FLAGS_RELEASE=-L/Users/jinglongcai/sdk/ndk/25.0.8775105/toolchains/llvm/prebuilt/darwin-x86_64/sysroot/usr/lib/i686-linux-android/21 -S /Users/jinglongcai/code/MobiPkg/compile/logs/libs/brotli/source/brotli -B /Users/jinglongcai/code/MobiPkg/compile/logs/libs/brotli/build/android/x86 -G Ninja

CMake Deprecation Warning at CMakeLists.txt:5 (cmake_minimum_required):
  Compatibility with CMake < 2.8.12 will be removed from a future version of
  CMake.

  Update the VERSION argument <min> value or use a ...<max> suffix to tell
  CMake that the project does not need compatibility with older versions.



-- The C compiler identification is Clang 14.0.6

-- Detecting C compiler ABI info

-- Detecting C compiler ABI info - done

-- Check for working C compiler: /Users/jinglongcai/sdk/ndk/25.0.8775105/toolchains/llvm/prebuilt/darwin-x86_64/bin/clang - skipped

-- Detecting C compile features

-- Detecting C compile features - done

-- Build type is 'Release'

-- Performing Test BROTLI_EMSCRIPTEN

-- Performing Test BROTLI_EMSCRIPTEN - Failed

-- Compiler is not EMSCRIPTEN

-- Looking for log2

-- Looking for log2 - found

-- Configuring done (0.6s)

-- Generating done (0.0s)

-- Build files have been written to: /Users/jinglongcai/code/MobiPkg/compile/logs/libs/brotli/build/android/x86

$ ninja -j6

[1/66] Building C object CMakeFiles/brotlicommon.dir/c/common/context.c.o
clang: warning: argument unused during compilation: '-L/Users/jinglongcai/sdk/ndk/25.0.8775105/toolchains/llvm/prebuilt/darwin-x86_64/sysroot/usr/lib/i686-linux-android/21' [-Wunused-command-line-argument]

[2/66] Building C object CMakeFiles/brotlicommon.dir/c/common/constants.c.o
clang: warning: argument unused during compilation: '-L/Users/jinglongcai/sdk/ndk/25.0.8775105/toolchains/llvm/prebuilt/darwin-x86_64/sysroot/usr/lib/i686-linux-android/21' [-Wunused-command-line-argument]

[3/66] Building C object CMakeFiles/brotlicommon.dir/c/common/platform.c.o
clang: warning: argument unused during compilation: '-L/Users/jinglongcai/sdk/ndk/25.0.8775105/toolchains/llvm/prebuilt/darwin-x86_64/sysroot/usr/lib/i686-linux-android/21' [-Wunused-command-line-argument]

[4/66] Building C object CMakeFiles/brotlidec.dir/c/dec/bit_reader.c.o
clang: warning: argument unused during compilation: '-L/Users/jinglongcai/sdk/ndk/25.0.8775105/toolchains/llvm/prebuilt/darwin-x86_64/sysroot/usr/lib/i686-linux-android/21' [-Wunused-command-line-argument]

[5/66] Building C object CMakeFiles/brotlicommon.dir/c/common/transform.c.o
clang: warning: argument unused during compilation: '-L/Users/jinglongcai/sdk/ndk/25.0.8775105/toolchains/llvm/prebuilt/darwin-x86_64/sysroot/usr/lib/i686-linux-android/21' [-Wunused-command-line-argument]

[6/66] Building C object CMakeFiles/brotlidec.dir/c/dec/state.c.o
clang: warning: argument unused during compilation: '-L/Users/jinglongcai/sdk/ndk/25.0.8775105/toolchains/llvm/prebuilt/darwin-x86_64/sysroot/usr/lib/i686-linux-android/21' [-Wunused-command-line-argument]

[7/66] Building C object CMakeFiles/brotlidec.dir/c/dec/huffman.c.o
clang: warning: argument unused during compilation: '-L/Users/jinglongcai/sdk/ndk/25.0.8775105/toolchains/llvm/prebuilt/darwin-x86_64/sysroot/usr/lib/i686-linux-android/21' [-Wunused-command-line-argument]

[8/66] Building C object CMakeFiles/brotlicommon.dir/c/common/dictionary.c.o
clang: warning: argument unused during compilation: '-L/Users/jinglongcai/sdk/ndk/25.0.8775105/toolchains/llvm/prebuilt/darwin-x86_64/sysroot/usr/lib/i686-linux-android/21' [-Wunused-command-line-argument]

[9/66] Linking C shared library libbrotlicommon.so

[10/66] Building C object CMakeFiles/brotlienc.dir/c/enc/bit_cost.c.o
clang: warning: argument unused during compilation: '-L/Users/jinglongcai/sdk/ndk/25.0.8775105/toolchains/llvm/prebuilt/darwin-x86_64/sysroot/usr/lib/i686-linux-android/21' [-Wunused-command-line-argument]

[11/66] Building C object CMakeFiles/brotlienc.dir/c/enc/backward_references_hq.c.o
clang: warning: argument unused during compilation: '-L/Users/jinglongcai/sdk/ndk/25.0.8775105/toolchains/llvm/prebuilt/darwin-x86_64/sysroot/usr/lib/i686-linux-android/21' [-Wunused-command-line-argument]

[12/66] Building C object CMakeFiles/brotlienc.dir/c/enc/brotli_bit_stream.c.o
clang: warning: argument unused during compilation: '-L/Users/jinglongcai/sdk/ndk/25.0.8775105/toolchains/llvm/prebuilt/darwin-x86_64/sysroot/usr/lib/i686-linux-android/21' [-Wunused-command-line-argument]

[13/66] Building C object CMakeFiles/brotlienc.dir/c/enc/cluster.c.o
clang: warning: argument unused during compilation: '-L/Users/jinglongcai/sdk/ndk/25.0.8775105/toolchains/llvm/prebuilt/darwin-x86_64/sysroot/usr/lib/i686-linux-android/21' [-Wunused-command-line-argument]

[14/66] Building C object CMakeFiles/brotlienc.dir/c/enc/command.c.o
clang: warning: argument unused during compilation: '-L/Users/jinglongcai/sdk/ndk/25.0.8775105/toolchains/llvm/prebuilt/darwin-x86_64/sysroot/usr/lib/i686-linux-android/21' [-Wunused-command-line-argument]

[15/66] Building C object CMakeFiles/brotlienc.dir/c/enc/dictionary_hash.c.o
clang: warning: argument unused during compilation: '-L/Users/jinglongcai/sdk/ndk/25.0.8775105/toolchains/llvm/prebuilt/darwin-x86_64/sysroot/usr/lib/i686-linux-android/21' [-Wunused-command-line-argument]

[16/66] Building C object CMakeFiles/brotlidec.dir/c/dec/decode.c.o
clang: warning: argument unused during compilation: '-L/Users/jinglongcai/sdk/ndk/25.0.8775105/toolchains/llvm/prebuilt/darwin-x86_64/sysroot/usr/lib/i686-linux-android/21' [-Wunused-command-line-argument]

[17/66] Building C object CMakeFiles/brotlienc.dir/c/enc/block_splitter.c.o
clang: warning: argument unused during compilation: '-L/Users/jinglongcai/sdk/ndk/25.0.8775105/toolchains/llvm/prebuilt/darwin-x86_64/sysroot/usr/lib/i686-linux-android/21' [-Wunused-command-line-argument]

[18/66] Linking C shared library libbrotlidec.so

[19/66] Building C object CMakeFiles/brotlienc.dir/c/enc/entropy_encode.c.o
clang: warning: argument unused during compilation: '-L/Users/jinglongcai/sdk/ndk/25.0.8775105/toolchains/llvm/prebuilt/darwin-x86_64/sysroot/usr/lib/i686-linux-android/21' [-Wunused-command-line-argument]

[20/66] Building C object CMakeFiles/brotlienc.dir/c/enc/fast_log.c.o
clang: warning: argument unused during compilation: '-L/Users/jinglongcai/sdk/ndk/25.0.8775105/toolchains/llvm/prebuilt/darwin-x86_64/sysroot/usr/lib/i686-linux-android/21' [-Wunused-command-line-argument]

[21/66] Building C object CMakeFiles/brotlienc.dir/c/enc/encoder_dict.c.o
clang: warning: argument unused during compilation: '-L/Users/jinglongcai/sdk/ndk/25.0.8775105/toolchains/llvm/prebuilt/darwin-x86_64/sysroot/usr/lib/i686-linux-android/21' [-Wunused-command-line-argument]

[22/66] Building C object CMakeFiles/brotlienc.dir/c/enc/histogram.c.o
clang: warning: argument unused during compilation: '-L/Users/jinglongcai/sdk/ndk/25.0.8775105/toolchains/llvm/prebuilt/darwin-x86_64/sysroot/usr/lib/i686-linux-android/21' [-Wunused-command-line-argument]

[23/66] Building C object CMakeFiles/brotlienc.dir/c/enc/literal_cost.c.o
clang: warning: argument unused during compilation: '-L/Users/jinglongcai/sdk/ndk/25.0.8775105/toolchains/llvm/prebuilt/darwin-x86_64/sysroot/usr/lib/i686-linux-android/21' [-Wunused-command-line-argument]

[24/66] Building C object CMakeFiles/brotlienc.dir/c/enc/memory.c.o
clang: warning: argument unused during compilation: '-L/Users/jinglongcai/sdk/ndk/25.0.8775105/toolchains/llvm/prebuilt/darwin-x86_64/sysroot/usr/lib/i686-linux-android/21' [-Wunused-command-line-argument]

[25/66] Building C object CMakeFiles/brotlienc.dir/c/enc/static_dict.c.o
clang: warning: argument unused during compilation: '-L/Users/jinglongcai/sdk/ndk/25.0.8775105/toolchains/llvm/prebuilt/darwin-x86_64/sysroot/usr/lib/i686-linux-android/21' [-Wunused-command-line-argument]

[26/66] Building C object CMakeFiles/brotlienc.dir/c/enc/utf8_util.c.o
clang: warning: argument unused during compilation: '-L/Users/jinglongcai/sdk/ndk/25.0.8775105/toolchains/llvm/prebuilt/darwin-x86_64/sysroot/usr/lib/i686-linux-android/21' [-Wunused-command-line-argument]

[27/66] Building C object CMakeFiles/brotlienc.dir/c/enc/compress_fragment.c.o
clang: warning: argument unused during compilation: '-L/Users/jinglongcai/sdk/ndk/25.0.8775105/toolchains/llvm/prebuilt/darwin-x86_64/sysroot/usr/lib/i686-linux-android/21' [-Wunused-command-line-argument]

[28/66] Building C object CMakeFiles/brotlicommon-static.dir/c/common/constants.c.o
clang: warning: argument unused during compilation: '-L/Users/jinglongcai/sdk/ndk/25.0.8775105/toolchains/llvm/prebuilt/darwin-x86_64/sysroot/usr/lib/i686-linux-android/21' [-Wunused-command-line-argument]

[29/66] Building C object CMakeFiles/brotlicommon-static.dir/c/common/context.c.o
clang: warning: argument unused during compilation: '-L/Users/jinglongcai/sdk/ndk/25.0.8775105/toolchains/llvm/prebuilt/darwin-x86_64/sysroot/usr/lib/i686-linux-android/21' [-Wunused-command-line-argument]

[30/66] Building C object CMakeFiles/brotlicommon-static.dir/c/common/platform.c.o
clang: warning: argument unused during compilation: '-L/Users/jinglongcai/sdk/ndk/25.0.8775105/toolchains/llvm/prebuilt/darwin-x86_64/sysroot/usr/lib/i686-linux-android/21' [-Wunused-command-line-argument]

[31/66] Building C object CMakeFiles/brotlienc.dir/c/enc/metablock.c.o
clang: warning: argument unused during compilation: '-L/Users/jinglongcai/sdk/ndk/25.0.8775105/toolchains/llvm/prebuilt/darwin-x86_64/sysroot/usr/lib/i686-linux-android/21' [-Wunused-command-line-argument]

[32/66] Building C object CMakeFiles/brotlicommon-static.dir/c/common/transform.c.o
clang: warning: argument unused during compilation: '-L/Users/jinglongcai/sdk/ndk/25.0.8775105/toolchains/llvm/prebuilt/darwin-x86_64/sysroot/usr/lib/i686-linux-android/21' [-Wunused-command-line-argument]

[33/66] Building C object CMakeFiles/brotlidec-static.dir/c/dec/bit_reader.c.o
clang: warning: argument unused during compilation: '-L/Users/jinglongcai/sdk/ndk/25.0.8775105/toolchains/llvm/prebuilt/darwin-x86_64/sysroot/usr/lib/i686-linux-android/21' [-Wunused-command-line-argument]

[34/66] Building C object CMakeFiles/brotlicommon-static.dir/c/common/dictionary.c.o
clang: warning: argument unused during compilation: '-L/Users/jinglongcai/sdk/ndk/25.0.8775105/toolchains/llvm/prebuilt/darwin-x86_64/sysroot/usr/lib/i686-linux-android/21' [-Wunused-command-line-argument]

[35/66] Linking C static library libbrotlicommon-static.a

[36/66] Building C object CMakeFiles/brotlidec-static.dir/c/dec/huffman.c.o
clang: warning: argument unused during compilation: '-L/Users/jinglongcai/sdk/ndk/25.0.8775105/toolchains/llvm/prebuilt/darwin-x86_64/sysroot/usr/lib/i686-linux-android/21' [-Wunused-command-line-argument]

[37/66] Building C object CMakeFiles/brotlidec-static.dir/c/dec/state.c.o
clang: warning: argument unused during compilation: '-L/Users/jinglongcai/sdk/ndk/25.0.8775105/toolchains/llvm/prebuilt/darwin-x86_64/sysroot/usr/lib/i686-linux-android/21' [-Wunused-command-line-argument]

[38/66] Building C object CMakeFiles/brotlienc.dir/c/enc/compress_fragment_two_pass.c.o
clang: warning: argument unused during compilation: '-L/Users/jinglongcai/sdk/ndk/25.0.8775105/toolchains/llvm/prebuilt/darwin-x86_64/sysroot/usr/lib/i686-linux-android/21' [-Wunused-command-line-argument]

[39/66] Building C object CMakeFiles/brotlienc.dir/c/enc/encode.c.o
clang: warning: argument unused during compilation: '-L/Users/jinglongcai/sdk/ndk/25.0.8775105/toolchains/llvm/prebuilt/darwin-x86_64/sysroot/usr/lib/i686-linux-android/21' [-Wunused-command-line-argument]

[40/66] Building C object CMakeFiles/brotlienc-static.dir/c/enc/bit_cost.c.o
clang: warning: argument unused during compilation: '-L/Users/jinglongcai/sdk/ndk/25.0.8775105/toolchains/llvm/prebuilt/darwin-x86_64/sysroot/usr/lib/i686-linux-android/21' [-Wunused-command-line-argument]

[41/66] Building C object CMakeFiles/brotlienc.dir/c/enc/backward_references.c.o
clang: warning: argument unused during compilation: '-L/Users/jinglongcai/sdk/ndk/25.0.8775105/toolchains/llvm/prebuilt/darwin-x86_64/sysroot/usr/lib/i686-linux-android/21' [-Wunused-command-line-argument]

[42/66] Linking C shared library libbrotlienc.so

[43/66] Building C object CMakeFiles/brotlienc-static.dir/c/enc/backward_references_hq.c.o
clang: warning: argument unused during compilation: '-L/Users/jinglongcai/sdk/ndk/25.0.8775105/toolchains/llvm/prebuilt/darwin-x86_64/sysroot/usr/lib/i686-linux-android/21' [-Wunused-command-line-argument]

[44/66] Building C object CMakeFiles/brotlidec-static.dir/c/dec/decode.c.o
clang: warning: argument unused during compilation: '-L/Users/jinglongcai/sdk/ndk/25.0.8775105/toolchains/llvm/prebuilt/darwin-x86_64/sysroot/usr/lib/i686-linux-android/21' [-Wunused-command-line-argument]

[45/66] Building C object CMakeFiles/brotlienc-static.dir/c/enc/command.c.o
clang: warning: argument unused during compilation: '-L/Users/jinglongcai/sdk/ndk/25.0.8775105/toolchains/llvm/prebuilt/darwin-x86_64/sysroot/usr/lib/i686-linux-android/21' [-Wunused-command-line-argument]

[46/66] Linking C static library libbrotlidec-static.a

[47/66] Building C object CMakeFiles/brotlienc-static.dir/c/enc/brotli_bit_stream.c.o
clang: warning: argument unused during compilation: '-L/Users/jinglongcai/sdk/ndk/25.0.8775105/toolchains/llvm/prebuilt/darwin-x86_64/sysroot/usr/lib/i686-linux-android/21' [-Wunused-command-line-argument]

[48/66] Building C object CMakeFiles/brotlienc-static.dir/c/enc/dictionary_hash.c.o
clang: warning: argument unused during compilation: '-L/Users/jinglongcai/sdk/ndk/25.0.8775105/toolchains/llvm/prebuilt/darwin-x86_64/sysroot/usr/lib/i686-linux-android/21' [-Wunused-command-line-argument]

[49/66] Building C object CMakeFiles/brotlienc-static.dir/c/enc/cluster.c.o
clang: warning: argument unused during compilation: '-L/Users/jinglongcai/sdk/ndk/25.0.8775105/toolchains/llvm/prebuilt/darwin-x86_64/sysroot/usr/lib/i686-linux-android/21' [-Wunused-command-line-argument]

[50/66] Building C object CMakeFiles/brotlienc-static.dir/c/enc/block_splitter.c.o
clang: warning: argument unused during compilation: '-L/Users/jinglongcai/sdk/ndk/25.0.8775105/toolchains/llvm/prebuilt/darwin-x86_64/sysroot/usr/lib/i686-linux-android/21' [-Wunused-command-line-argument]

[51/66] Building C object CMakeFiles/brotlienc-static.dir/c/enc/entropy_encode.c.o
clang: warning: argument unused during compilation: '-L/Users/jinglongcai/sdk/ndk/25.0.8775105/toolchains/llvm/prebuilt/darwin-x86_64/sysroot/usr/lib/i686-linux-android/21' [-Wunused-command-line-argument]

[52/66] Building C object CMakeFiles/brotlienc-static.dir/c/enc/fast_log.c.o
clang: warning: argument unused during compilation: '-L/Users/jinglongcai/sdk/ndk/25.0.8775105/toolchains/llvm/prebuilt/darwin-x86_64/sysroot/usr/lib/i686-linux-android/21' [-Wunused-command-line-argument]

[53/66] Building C object CMakeFiles/brotlienc-static.dir/c/enc/encoder_dict.c.o
clang: warning: argument unused during compilation: '-L/Users/jinglongcai/sdk/ndk/25.0.8775105/toolchains/llvm/prebuilt/darwin-x86_64/sysroot/usr/lib/i686-linux-android/21' [-Wunused-command-line-argument]

[54/66] Building C object CMakeFiles/brotlienc-static.dir/c/enc/literal_cost.c.o
clang: warning: argument unused during compilation: '-L/Users/jinglongcai/sdk/ndk/25.0.8775105/toolchains/llvm/prebuilt/darwin-x86_64/sysroot/usr/lib/i686-linux-android/21' [-Wunused-command-line-argument]

[55/66] Building C object CMakeFiles/brotlienc-static.dir/c/enc/memory.c.o
clang: warning: argument unused during compilation: '-L/Users/jinglongcai/sdk/ndk/25.0.8775105/toolchains/llvm/prebuilt/darwin-x86_64/sysroot/usr/lib/i686-linux-android/21' [-Wunused-command-line-argument]

[56/66] Building C object CMakeFiles/brotlienc-static.dir/c/enc/histogram.c.o
clang: warning: argument unused during compilation: '-L/Users/jinglongcai/sdk/ndk/25.0.8775105/toolchains/llvm/prebuilt/darwin-x86_64/sysroot/usr/lib/i686-linux-android/21' [-Wunused-command-line-argument]

[57/66] Building C object CMakeFiles/brotlienc-static.dir/c/enc/compress_fragment.c.o
clang: warning: argument unused during compilation: '-L/Users/jinglongcai/sdk/ndk/25.0.8775105/toolchains/llvm/prebuilt/darwin-x86_64/sysroot/usr/lib/i686-linux-android/21' [-Wunused-command-line-argument]

[58/66] Building C object CMakeFiles/brotlienc-static.dir/c/enc/static_dict.c.o
clang: warning: argument unused during compilation: '-L/Users/jinglongcai/sdk/ndk/25.0.8775105/toolchains/llvm/prebuilt/darwin-x86_64/sysroot/usr/lib/i686-linux-android/21' [-Wunused-command-line-argument]

[59/66] Building C object CMakeFiles/brotlienc-static.dir/c/enc/utf8_util.c.o
clang: warning: argument unused during compilation: '-L/Users/jinglongcai/sdk/ndk/25.0.8775105/toolchains/llvm/prebuilt/darwin-x86_64/sysroot/usr/lib/i686-linux-android/21' [-Wunused-command-line-argument]

[60/66] Building C object CMakeFiles/brotlienc-static.dir/c/enc/metablock.c.o
clang: warning: argument unused during compilation: '-L/Users/jinglongcai/sdk/ndk/25.0.8775105/toolchains/llvm/prebuilt/darwin-x86_64/sysroot/usr/lib/i686-linux-android/21' [-Wunused-command-line-argument]

[61/66] Building C object CMakeFiles/brotli.dir/c/tools/brotli.c.o
clang: warning: argument unused during compilation: '-L/Users/jinglongcai/sdk/ndk/25.0.8775105/toolchains/llvm/prebuilt/darwin-x86_64/sysroot/usr/lib/i686-linux-android/21' [-Wunused-command-line-argument]

[62/66] Building C object CMakeFiles/brotlienc-static.dir/c/enc/compress_fragment_two_pass.c.o
clang: warning: argument unused during compilation: '-L/Users/jinglongcai/sdk/ndk/25.0.8775105/toolchains/llvm/prebuilt/darwin-x86_64/sysroot/usr/lib/i686-linux-android/21' [-Wunused-command-line-argument]

[63/66] Building C object CMakeFiles/brotlienc-static.dir/c/enc/encode.c.o
clang: warning: argument unused during compilation: '-L/Users/jinglongcai/sdk/ndk/25.0.8775105/toolchains/llvm/prebuilt/darwin-x86_64/sysroot/usr/lib/i686-linux-android/21' [-Wunused-command-line-argument]

[64/66] Building C object CMakeFiles/brotlienc-static.dir/c/enc/backward_references.c.o
clang: warning: argument unused during compilation: '-L/Users/jinglongcai/sdk/ndk/25.0.8775105/toolchains/llvm/prebuilt/darwin-x86_64/sysroot/usr/lib/i686-linux-android/21' [-Wunused-command-line-argument]

[65/66] Linking C static library libbrotlienc-static.a

[66/66] Linking C executable brotli

$ ninja install

[0/1] Install the project...

-- Install configuration: "Release"

-- Installing: /Users/jinglongcai/code/MobiPkg/compile/logs/libs/brotli/install/android/x86/bin/brotli

-- Installing: /Users/jinglongcai/code/MobiPkg/compile/logs/libs/brotli/install/android/x86/lib/libbrotlienc.so

-- Installing: /Users/jinglongcai/code/MobiPkg/compile/logs/libs/brotli/install/android/x86/lib/libbrotlidec.so

-- Installing: /Users/jinglongcai/code/MobiPkg/compile/logs/libs/brotli/install/android/x86/lib/libbrotlicommon.so

-- Installing: /Users/jinglongcai/code/MobiPkg/compile/logs/libs/brotli/install/android/x86/lib/libbrotlienc-static.a

-- Installing: /Users/jinglongcai/code/MobiPkg/compile/logs/libs/brotli/install/android/x86/lib/libbrotlidec-static.a

-- Installing: /Users/jinglongcai/code/MobiPkg/compile/logs/libs/brotli/install/android/x86/lib/libbrotlicommon-static.a

-- Up-to-date: /Users/jinglongcai/code/MobiPkg/compile/logs/libs/brotli/install/android/x86/include/brotli

-- Up-to-date: /Users/jinglongcai/code/MobiPkg/compile/logs/libs/brotli/install/android/x86/include/brotli/port.h
-- Up-to-date: /Users/jinglongcai/code/MobiPkg/compile/logs/libs/brotli/install/android/x86/include/brotli/types.h

-- Up-to-date: /Users/jinglongcai/code/MobiPkg/compile/logs/libs/brotli/install/android/x86/include/brotli/encode.h

-- Up-to-date: /Users/jinglongcai/code/MobiPkg/compile/logs/libs/brotli/install/android/x86/include/brotli/decode.h

-- Installing: /Users/jinglongcai/code/MobiPkg/compile/logs/libs/brotli/install/android/x86/lib/pkgconfig/libbrotlicommon.pc

-- Installing: /Users/jinglongcai/code/MobiPkg/compile/logs/libs/brotli/install/android/x86/lib/pkgconfig/libbrotlidec.pc

-- Installing: /Users/jinglongcai/code/MobiPkg/compile/logs/libs/brotli/install/android/x86/lib/pkgconfig/libbrotlienc.pc

$ /Users/jinglongcai/sdk/ndk/25.0.8775105/toolchains/llvm/prebuilt/darwin-x86_64/bin/llvm-strip /Users/jinglongcai/code/MobiPkg/compile/logs/libs/brotli/install/android/x86/lib/libbrotlicommon.so

$ /Users/jinglongcai/sdk/ndk/25.0.8775105/toolchains/llvm/prebuilt/darwin-x86_64/bin/llvm-strip /Users/jinglongcai/code/MobiPkg/compile/logs/libs/brotli/install/android/x86/lib/libbrotlidec.so

$ /Users/jinglongcai/sdk/ndk/25.0.8775105/toolchains/llvm/prebuilt/darwin-x86_64/bin/llvm-strip /Users/jinglongcai/code/MobiPkg/compile/logs/libs/brotli/install/android/x86/lib/libbrotlienc.so

